
Final look of the solved board:
+---+---+---+
|947|218|536|
|685|937|421|
|123|645|987|
+---+---+---+
|271|853|694|
|569|472|813|
|438|196|275|
+---+---+---+
|352|769|148|
|816|324|759|
|794|581|362|
+---+---+---+

Starting look of the board to solve:
+---+---+---+
|...|.1.|.3.|
|6.5|9..|..1|
|..3|6.5|.8.|
+---+---+---+
|.7.|.53|6..|
|5..|...|81.|
|.3.|.9.|2..|
+---+---+---+
|..2|..9|1..|
|.1.|.2.|...|
|7.4|.8.|36.|
+---+---+---+

================================================================================

(9, 6) can only contain 1.
+---+---+---+
|...|.1.|.3.|
|6.5|9..|..1|
|..3|6.5|.8.|
+---+---+---+
|.7.|.53|6..|
|5..|...|81.|
|.3.|.9.|2..|
+---+---+---+
|..2|..9|1..|
|.1.|.2.|...|
|7.4|.81|36.|
+---+---+---+
Code: 000010030605900001003605080070053600500000810030090200002009100010020000704081360

(9, 4) can only contain 5.
+---+---+---+
|...|.1.|.3.|
|6.5|9..|..1|
|..3|6.5|.8.|
+---+---+---+
|.7.|.53|6..|
|5..|...|81.|
|.3.|.9.|2..|
+---+---+---+
|..2|..9|1..|
|.1.|.2.|...|
|7.4|581|36.|
+---+---+---+
Code: 000010030605900001003605080070053600500000810030090200002009100010020000704581360

(9, 2) can only contain 9.
+---+---+---+
|...|.1.|.3.|
|6.5|9..|..1|
|..3|6.5|.8.|
+---+---+---+
|.7.|.53|6..|
|5..|...|81.|
|.3.|.9.|2..|
+---+---+---+
|..2|..9|1..|
|.1.|.2.|...|
|794|581|36.|
+---+---+---+
Code: 000010030605900001003605080070053600500000810030090200002009100010020000794581360

(9, 9) can only contain 2.
+---+---+---+
|...|.1.|.3.|
|6.5|9..|..1|
|..3|6.5|.8.|
+---+---+---+
|.7.|.53|6..|
|5..|...|81.|
|.3.|.9.|2..|
+---+---+---+
|..2|..9|1..|
|.1.|.2.|...|
|794|581|362|
+---+---+---+
Code: 000010030605900001003605080070053600500000810030090200002009100010020000794581362

Row #1 can contain 6 only at (1, 9).
+---+---+---+
|...|.1.|.36|
|6.5|9..|..1|
|..3|6.5|.8.|
+---+---+---+
|.7.|.53|6..|
|5..|...|81.|
|.3.|.9.|2..|
+---+---+---+
|..2|..9|1..|
|.1.|.2.|...|
|794|581|362|
+---+---+---+
Code: 000010036605900001003605080070053600500000810030090200002009100010020000794581362

Column #8 can contain 2 only at (2, 8).
+---+---+---+
|...|.1.|.36|
|6.5|9..|.21|
|..3|6.5|.8.|
+---+---+---+
|.7.|.53|6..|
|5..|...|81.|
|.3.|.9.|2..|
+---+---+---+
|..2|..9|1..|
|.1.|.2.|...|
|794|581|362|
+---+---+---+
Code: 000010036605900021003605080070053600500000810030090200002009100010020000794581362

Row #3 can contain 1 only at (3, 1).
+---+---+---+
|...|.1.|.36|
|6.5|9..|.21|
|1.3|6.5|.8.|
+---+---+---+
|.7.|.53|6..|
|5..|...|81.|
|.3.|.9.|2..|
+---+---+---+
|..2|..9|1..|
|.1.|.2.|...|
|794|581|362|
+---+---+---+
Code: 000010036605900021103605080070053600500000810030090200002009100010020000794581362

Row #5 can contain 3 only at (5, 9).
+---+---+---+
|...|.1.|.36|
|6.5|9..|.21|
|1.3|6.5|.8.|
+---+---+---+
|.7.|.53|6..|
|5..|...|813|
|.3.|.9.|2..|
+---+---+---+
|..2|..9|1..|
|.1.|.2.|...|
|794|581|362|
+---+---+---+
Code: 000010036605900021103605080070053600500000813030090200002009100010020000794581362

Column #3 can contain 7 only at (1, 3).
+---+---+---+
|..7|.1.|.36|
|6.5|9..|.21|
|1.3|6.5|.8.|
+---+---+---+
|.7.|.53|6..|
|5..|...|813|
|.3.|.9.|2..|
+---+---+---+
|..2|..9|1..|
|.1.|.2.|...|
|794|581|362|
+---+---+---+
Code: 007010036605900021103605080070053600500000813030090200002009100010020000794581362

Block (1, 3) can contain 5 only at (1, 7).
+---+---+---+
|..7|.1.|536|
|6.5|9..|.21|
|1.3|6.5|.8.|
+---+---+---+
|.7.|.53|6..|
|5..|...|813|
|.3.|.9.|2..|
+---+---+---+
|..2|..9|1..|
|.1.|.2.|...|
|794|581|362|
+---+---+---+
Code: 007010536605900021103605080070053600500000813030090200002009100010020000794581362

Column #2 can contain 5 only at (7, 2).
+---+---+---+
|..7|.1.|536|
|6.5|9..|.21|
|1.3|6.5|.8.|
+---+---+---+
|.7.|.53|6..|
|5..|...|813|
|.3.|.9.|2..|
+---+---+---+
|.52|..9|1..|
|.1.|.2.|...|
|794|581|362|
+---+---+---+
Code: 007010536605900021103605080070053600500000813030090200052009100010020000794581362

Column #2 can contain 6 only at (5, 2).
+---+---+---+
|..7|.1.|536|
|6.5|9..|.21|
|1.3|6.5|.8.|
+---+---+---+
|.7.|.53|6..|
|56.|...|813|
|.3.|.9.|2..|
+---+---+---+
|.52|..9|1..|
|.1.|.2.|...|
|794|581|362|
+---+---+---+
Code: 007010536605900021103605080070053600560000813030090200052009100010020000794581362

(5, 3) can only contain 9.
+---+---+---+
|..7|.1.|536|
|6.5|9..|.21|
|1.3|6.5|.8.|
+---+---+---+
|.7.|.53|6..|
|569|...|813|
|.3.|.9.|2..|
+---+---+---+
|.52|..9|1..|
|.1.|.2.|...|
|794|581|362|
+---+---+---+
Code: 007010536605900021103605080070053600569000813030090200052009100010020000794581362

Block (1, 1) can contain 9 only at (1, 1).
+---+---+---+
|9.7|.1.|536|
|6.5|9..|.21|
|1.3|6.5|.8.|
+---+---+---+
|.7.|.53|6..|
|569|...|813|
|.3.|.9.|2..|
+---+---+---+
|.52|..9|1..|
|.1.|.2.|...|
|794|581|362|
+---+---+---+
Code: 907010536605900021103605080070053600569000813030090200052009100010020000794581362

Block (3, 1) can contain 6 only at (8, 3).
+---+---+---+
|9.7|.1.|536|
|6.5|9..|.21|
|1.3|6.5|.8.|
+---+---+---+
|.7.|.53|6..|
|569|...|813|
|.3.|.9.|2..|
+---+---+---+
|.52|..9|1..|
|.16|.2.|...|
|794|581|362|
+---+---+---+
Code: 907010536605900021103605080070053600569000813030090200052009100016020000794581362

Row #7 can contain 6 only at (7, 5).
+---+---+---+
|9.7|.1.|536|
|6.5|9..|.21|
|1.3|6.5|.8.|
+---+---+---+
|.7.|.53|6..|
|569|...|813|
|.3.|.9.|2..|
+---+---+---+
|.52|.69|1..|
|.16|.2.|...|
|794|581|362|
+---+---+---+
Code: 907010536605900021103605080070053600569000813030090200052069100016020000794581362

Column #1 can contain 2 only at (4, 1).
+---+---+---+
|9.7|.1.|536|
|6.5|9..|.21|
|1.3|6.5|.8.|
+---+---+---+
|27.|.53|6..|
|569|...|813|
|.3.|.9.|2..|
+---+---+---+
|.52|.69|1..|
|.16|.2.|...|
|794|581|362|
+---+---+---+
Code: 907010536605900021103605080270053600569000813030090200052069100016020000794581362

Block (2, 2) can contain 6 only at (6, 6).
+---+---+---+
|9.7|.1.|536|
|6.5|9..|.21|
|1.3|6.5|.8.|
+---+---+---+
|27.|.53|6..|
|569|...|813|
|.3.|.96|2..|
+---+---+---+
|.52|.69|1..|
|.16|.2.|...|
|794|581|362|
+---+---+---+
Code: 907010536605900021103605080270053600569000813030096200052069100016020000794581362

Block (1, 2) can contain 3 only at (2, 5).
+---+---+---+
|9.7|.1.|536|
|6.5|93.|.21|
|1.3|6.5|.8.|
+---+---+---+
|27.|.53|6..|
|569|...|813|
|.3.|.96|2..|
+---+---+---+
|.52|.69|1..|
|.16|.2.|...|
|794|581|362|
+---+---+---+
Code: 907010536605930021103605080270053600569000813030096200052069100016020000794581362

Block (2, 1) can contain 4 only at (6, 1).
+---+---+---+
|9.7|.1.|536|
|6.5|93.|.21|
|1.3|6.5|.8.|
+---+---+---+
|27.|.53|6..|
|569|...|813|
|43.|.96|2..|
+---+---+---+
|.52|.69|1..|
|.16|.2.|...|
|794|581|362|
+---+---+---+
Code: 907010536605930021103605080270053600569000813430096200052069100016020000794581362

Row #3 can contain 2 only at (3, 2).
+---+---+---+
|9.7|.1.|536|
|6.5|93.|.21|
|123|6.5|.8.|
+---+---+---+
|27.|.53|6..|
|569|...|813|
|43.|.96|2..|
+---+---+---+
|.52|.69|1..|
|.16|.2.|...|
|794|581|362|
+---+---+---+
Code: 907010536605930021123605080270053600569000813430096200052069100016020000794581362

Values 4 and 9 in row #4 are in cells (4, 8) and (4, 9).
4 cannot appear in (4, 4).
Values 5 and 7 in row #6 are in cells (6, 8) and (6, 9).
7 cannot appear in (6, 4).
Values 1 and 8 in column #4 are in cells (4, 4) and (6, 4).
8 cannot appear in (1, 4).
Guessing that 4 and 9 are arbitrary in row #4 (multiple solutions): Pick 9->(4, 8), 4->(4, 9).
+---+---+---+
|9.7|.1.|536|
|6.5|93.|.21|
|123|6.5|.8.|
+---+---+---+
|27.|.53|694|
|569|...|813|
|43.|.96|2..|
+---+---+---+
|.52|.69|1..|
|.16|.2.|...|
|794|581|362|
+---+---+---+
Code: 907010536605930021123605080270053694569000813430096200052069100016020000794581362

Values 5 and 7 in row #6 are in cells (6, 8) and (6, 9).
7 cannot appear in (6, 4).
Values 1 and 8 in column #4 are in cells (4, 4) and (6, 4).
8 cannot appear in (1, 4).
Guessing that 4 and 8 are arbitrary in column #2 (multiple solutions): Pick 4->(1, 2), 8->(2, 2).
+---+---+---+
|947|.1.|536|
|685|93.|.21|
|123|6.5|.8.|
+---+---+---+
|27.|.53|694|
|569|...|813|
|43.|.96|2..|
+---+---+---+
|.52|.69|1..|
|.16|.2.|...|
|794|581|362|
+---+---+---+
Code: 947010536685930021123605080270053694569000813430096200052069100016020000794581362

Column #6 can contain 8 only at (1, 6).
+---+---+---+
|947|.18|536|
|685|93.|.21|
|123|6.5|.8.|
+---+---+---+
|27.|.53|694|
|569|...|813|
|43.|.96|2..|
+---+---+---+
|.52|.69|1..|
|.16|.2.|...|
|794|581|362|
+---+---+---+
Code: 947018536685930021123605080270053694569000813430096200052069100016020000794581362

(1, 4) can only contain 2.
+---+---+---+
|947|218|536|
|685|93.|.21|
|123|6.5|.8.|
+---+---+---+
|27.|.53|694|
|569|...|813|
|43.|.96|2..|
+---+---+---+
|.52|.69|1..|
|.16|.2.|...|
|794|581|362|
+---+---+---+
Code: 947218536685930021123605080270053694569000813430096200052069100016020000794581362

Block (2, 2) can contain 2 only at (5, 6).
+---+---+---+
|947|218|536|
|685|93.|.21|
|123|6.5|.8.|
+---+---+---+
|27.|.53|694|
|569|..2|813|
|43.|.96|2..|
+---+---+---+
|.52|.69|1..|
|.16|.2.|...|
|794|581|362|
+---+---+---+
Code: 947218536685930021123605080270053694569002813430096200052069100016020000794581362

Values 4 and 7 in block (2, 2) are in cells (5, 4) and (5, 5).
7 cannot appear in (6, 4).
Guessing that 4 and 7 are arbitrary in block (1, 2) (multiple solutions): Pick 7->(2, 6), 4->(3, 5).
+---+---+---+
|947|218|536|
|685|937|.21|
|123|645|.8.|
+---+---+---+
|27.|.53|694|
|569|..2|813|
|43.|.96|2..|
+---+---+---+
|.52|.69|1..|
|.16|.2.|...|
|794|581|362|
+---+---+---+
Code: 947218536685937021123645080270053694569002813430096200052069100016020000794581362

(2, 7) can only contain 4.
+---+---+---+
|947|218|536|
|685|937|421|
|123|645|.8.|
+---+---+---+
|27.|.53|694|
|569|..2|813|
|43.|.96|2..|
+---+---+---+
|.52|.69|1..|
|.16|.2.|...|
|794|581|362|
+---+---+---+
Code: 947218536685937421123645080270053694569002813430096200052069100016020000794581362

(8, 6) can only contain 4.
+---+---+---+
|947|218|536|
|685|937|421|
|123|645|.8.|
+---+---+---+
|27.|.53|694|
|569|..2|813|
|43.|.96|2..|
+---+---+---+
|.52|.69|1..|
|.16|.24|...|
|794|581|362|
+---+---+---+
Code: 947218536685937421123645080270053694569002813430096200052069100016024000794581362

(5, 5) can only contain 7.
+---+---+---+
|947|218|536|
|685|937|421|
|123|645|.8.|
+---+---+---+
|27.|.53|694|
|569|.72|813|
|43.|.96|2..|
+---+---+---+
|.52|.69|1..|
|.16|.24|...|
|794|581|362|
+---+---+---+
Code: 947218536685937421123645080270053694569072813430096200052069100016024000794581362

(5, 4) can only contain 4.
+---+---+---+
|947|218|536|
|685|937|421|
|123|645|.8.|
+---+---+---+
|27.|.53|694|
|569|472|813|
|43.|.96|2..|
+---+---+---+
|.52|.69|1..|
|.16|.24|...|
|794|581|362|
+---+---+---+
Code: 947218536685937421123645080270053694569472813430096200052069100016024000794581362

Block (3, 3) can contain 4 only at (7, 8).
+---+---+---+
|947|218|536|
|685|937|421|
|123|645|.8.|
+---+---+---+
|27.|.53|694|
|569|472|813|
|43.|.96|2..|
+---+---+---+
|.52|.69|14.|
|.16|.24|...|
|794|581|362|
+---+---+---+
Code: 947218536685937421123645080270053694569472813430096200052069140016024000794581362

Guessing that 7 and 9 are arbitrary in row #3 (multiple solutions): Pick 9->(3, 7), 7->(3, 9).
+---+---+---+
|947|218|536|
|685|937|421|
|123|645|987|
+---+---+---+
|27.|.53|694|
|569|472|813|
|43.|.96|2..|
+---+---+---+
|.52|.69|14.|
|.16|.24|...|
|794|581|362|
+---+---+---+
Code: 947218536685937421123645987270053694569472813430096200052069140016024000794581362

(7, 9) can only contain 8.
+---+---+---+
|947|218|536|
|685|937|421|
|123|645|987|
+---+---+---+
|27.|.53|694|
|569|472|813|
|43.|.96|2..|
+---+---+---+
|.52|.69|148|
|.16|.24|...|
|794|581|362|
+---+---+---+
Code: 947218536685937421123645987270053694569472813430096200052069148016024000794581362

(8, 7) can only contain 7.
+---+---+---+
|947|218|536|
|685|937|421|
|123|645|987|
+---+---+---+
|27.|.53|694|
|569|472|813|
|43.|.96|2..|
+---+---+---+
|.52|.69|148|
|.16|.24|7..|
|794|581|362|
+---+---+---+
Code: 947218536685937421123645987270053694569472813430096200052069148016024700794581362

(8, 4) can only contain 3.
+---+---+---+
|947|218|536|
|685|937|421|
|123|645|987|
+---+---+---+
|27.|.53|694|
|569|472|813|
|43.|.96|2..|
+---+---+---+
|.52|.69|148|
|.16|324|7..|
|794|581|362|
+---+---+---+
Code: 947218536685937421123645987270053694569472813430096200052069148016324700794581362

(6, 9) can only contain 5.
+---+---+---+
|947|218|536|
|685|937|421|
|123|645|987|
+---+---+---+
|27.|.53|694|
|569|472|813|
|43.|.96|2.5|
+---+---+---+
|.52|.69|148|
|.16|324|7..|
|794|581|362|
+---+---+---+
Code: 947218536685937421123645987270053694569472813430096205052069148016324700794581362

(8, 1) can only contain 8.
+---+---+---+
|947|218|536|
|685|937|421|
|123|645|987|
+---+---+---+
|27.|.53|694|
|569|472|813|
|43.|.96|2.5|
+---+---+---+
|.52|.69|148|
|816|324|7..|
|794|581|362|
+---+---+---+
Code: 947218536685937421123645987270053694569472813430096205052069148816324700794581362

(7, 1) can only contain 3.
+---+---+---+
|947|218|536|
|685|937|421|
|123|645|987|
+---+---+---+
|27.|.53|694|
|569|472|813|
|43.|.96|2.5|
+---+---+---+
|352|.69|148|
|816|324|7..|
|794|581|362|
+---+---+---+
Code: 947218536685937421123645987270053694569472813430096205352069148816324700794581362

(6, 8) can only contain 7.
+---+---+---+
|947|218|536|
|685|937|421|
|123|645|987|
+---+---+---+
|27.|.53|694|
|569|472|813|
|43.|.96|275|
+---+---+---+
|352|.69|148|
|816|324|7..|
|794|581|362|
+---+---+---+
Code: 947218536685937421123645987270053694569472813430096275352069148816324700794581362

(8, 9) can only contain 9.
+---+---+---+
|947|218|536|
|685|937|421|
|123|645|987|
+---+---+---+
|27.|.53|694|
|569|472|813|
|43.|.96|275|
+---+---+---+
|352|.69|148|
|816|324|7.9|
|794|581|362|
+---+---+---+
Code: 947218536685937421123645987270053694569472813430096275352069148816324709794581362

(7, 4) can only contain 7.
+---+---+---+
|947|218|536|
|685|937|421|
|123|645|987|
+---+---+---+
|27.|.53|694|
|569|472|813|
|43.|.96|275|
+---+---+---+
|352|769|148|
|816|324|7.9|
|794|581|362|
+---+---+---+
Code: 947218536685937421123645987270053694569472813430096275352769148816324709794581362

(8, 8) can only contain 5.
+---+---+---+
|947|218|536|
|685|937|421|
|123|645|987|
+---+---+---+
|27.|.53|694|
|569|472|813|
|43.|.96|275|
+---+---+---+
|352|769|148|
|816|324|759|
|794|581|362|
+---+---+---+
Code: 947218536685937421123645987270053694569472813430096275352769148816324759794581362

Guessing that 1 and 8 are arbitrary in column #3 (multiple solutions): Pick 1->(4, 3), 8->(6, 3).
+---+---+---+
|947|218|536|
|685|937|421|
|123|645|987|
+---+---+---+
|271|.53|694|
|569|472|813|
|438|.96|275|
+---+---+---+
|352|769|148|
|816|324|759|
|794|581|362|
+---+---+---+
Code: 947218536685937421123645987271053694569472813438096275352769148816324759794581362

(4, 4) can only contain 8.
+---+---+---+
|947|218|536|
|685|937|421|
|123|645|987|
+---+---+---+
|271|853|694|
|569|472|813|
|438|.96|275|
+---+---+---+
|352|769|148|
|816|324|759|
|794|581|362|
+---+---+---+
Code: 947218536685937421123645987271853694569472813438096275352769148816324759794581362

(6, 4) can only contain 1.
+---+---+---+
|947|218|536|
|685|937|421|
|123|645|987|
+---+---+---+
|271|853|694|
|569|472|813|
|438|196|275|
+---+---+---+
|352|769|148|
|816|324|759|
|794|581|362|
+---+---+---+
Code: 947218536685937421123645987271853694569472813438196275352769148816324759794581362

