530000000000000000002000000000000000000000000000000000000000000000000000000000001